[0.461s] Invoking command in '/home/abdul/Desktop/intp assignment/task_1_ws/src/task1_quadrotor': PYTHONPATH=/home/abdul/Desktop/intp assignment/task_1_ws/build/task1_quadrotor/prefix_override:/usr/lib/python3/dist-packages/colcon_core/task/python/colcon_distutils_commands:/home/abdul/Desktop/intp assignment/task_1_ws/install/task1_quadrotor/lib/python3.10/site-packages:${PYTHONPATH} /usr/bin/python3 -W ignore:setup.py install is deprecated -W ignore:easy_install command is deprecated setup.py egg_info --egg-base ../../build/task1_quadrotor build --build-base /home/abdul/Desktop/intp assignment/task_1_ws/build/task1_quadrotor/build install --record /home/abdul/Desktop/intp assignment/task_1_ws/build/task1_quadrotor/install.log --install-scripts $base/lib/task1_quadrotor --single-version-externally-managed install_data
[0.628s] running egg_info
[0.628s] writing ../../build/task1_quadrotor/task1_quadrotor.egg-info/PKG-INFO
[0.628s] writing dependency_links to ../../build/task1_quadrotor/task1_quadrotor.egg-info/dependency_links.txt
[0.629s] writing entry points to ../../build/task1_quadrotor/task1_quadrotor.egg-info/entry_points.txt
[0.629s] writing requirements to ../../build/task1_quadrotor/task1_quadrotor.egg-info/requires.txt
[0.629s] writing top-level names to ../../build/task1_quadrotor/task1_quadrotor.egg-info/top_level.txt
[0.630s] reading manifest file '../../build/task1_quadrotor/task1_quadrotor.egg-info/SOURCES.txt'
[0.630s] adding license file 'LICENSE'
[0.631s] writing manifest file '../../build/task1_quadrotor/task1_quadrotor.egg-info/SOURCES.txt'
[0.631s] running build
[0.631s] running build_py
[0.631s] copying task1_quadrotor/controller.py -> /home/abdul/Desktop/intp assignment/task_1_ws/build/task1_quadrotor/build/lib/task1_quadrotor
[0.631s] running install
[0.631s] running install_lib
[0.632s] copying /home/abdul/Desktop/intp assignment/task_1_ws/build/task1_quadrotor/build/lib/task1_quadrotor/controller.py -> /home/abdul/Desktop/intp assignment/task_1_ws/install/task1_quadrotor/lib/python3.10/site-packages/task1_quadrotor
[0.632s] byte-compiling /home/abdul/Desktop/intp assignment/task_1_ws/install/task1_quadrotor/lib/python3.10/site-packages/task1_quadrotor/controller.py to controller.cpython-310.pyc
[0.632s] running install_data
[0.632s] running install_egg_info
[0.634s] removing '/home/abdul/Desktop/intp assignment/task_1_ws/install/task1_quadrotor/lib/python3.10/site-packages/task1_quadrotor-0.0.0-py3.10.egg-info' (and everything under it)
[0.634s] Copying ../../build/task1_quadrotor/task1_quadrotor.egg-info to /home/abdul/Desktop/intp assignment/task_1_ws/install/task1_quadrotor/lib/python3.10/site-packages/task1_quadrotor-0.0.0-py3.10.egg-info
[0.634s] running install_scripts
[0.650s] Installing command_sender_ui script to /home/abdul/Desktop/intp assignment/task_1_ws/install/task1_quadrotor/lib/task1_quadrotor
[0.650s] Installing controller script to /home/abdul/Desktop/intp assignment/task_1_ws/install/task1_quadrotor/lib/task1_quadrotor
[0.650s] writing list of installed files to '/home/abdul/Desktop/intp assignment/task_1_ws/build/task1_quadrotor/install.log'
[0.668s] Invoked command in '/home/abdul/Desktop/intp assignment/task_1_ws/src/task1_quadrotor' returned '0': PYTHONPATH=/home/abdul/Desktop/intp assignment/task_1_ws/build/task1_quadrotor/prefix_override:/usr/lib/python3/dist-packages/colcon_core/task/python/colcon_distutils_commands:/home/abdul/Desktop/intp assignment/task_1_ws/install/task1_quadrotor/lib/python3.10/site-packages:${PYTHONPATH} /usr/bin/python3 -W ignore:setup.py install is deprecated -W ignore:easy_install command is deprecated setup.py egg_info --egg-base ../../build/task1_quadrotor build --build-base /home/abdul/Desktop/intp assignment/task_1_ws/build/task1_quadrotor/build install --record /home/abdul/Desktop/intp assignment/task_1_ws/build/task1_quadrotor/install.log --install-scripts $base/lib/task1_quadrotor --single-version-externally-managed install_data
