[0.089s] DEBUG:colcon:Command line arguments: ['/usr/bin/colcon', 'build', '--packages-select', 'task1_quadrotor', '--symlink-install']
[0.090s] DEBUG:colcon:Parsed command line arguments: Namespace(log_base=None, log_level=None, verb_name='build', build_base='build', install_base='install', merge_install=False, symlink_install=True, test_result_base=None, continue_on_error=False, executor='parallel', parallel_workers=16, event_handlers=None, ignore_user_meta=False, metas=['./colcon.meta'], base_paths=['.'], packages_ignore=None, packages_ignore_regex=None, paths=None, packages_up_to=None, packages_up_to_regex=None, packages_above=None, packages_above_and_dependencies=None, packages_above_depth=None, packages_select_by_dep=None, packages_skip_by_dep=None, packages_skip_up_to=None, packages_select_build_failed=False, packages_skip_build_finished=False, packages_select_test_failures=False, packages_skip_test_passed=False, packages_select=['task1_quadrotor'], packages_skip=None, packages_select_regex=None, packages_skip_regex=None, packages_start=None, packages_end=None, allow_overriding=[], cmake_args=None, cmake_target=None, cmake_target_skip_unavailable=False, cmake_clean_cache=False, cmake_clean_first=False, cmake_force_configure=False, ament_cmake_args=None, catkin_cmake_args=None, catkin_skip_building_tests=False, mixin_files=None, mixin=None, verb_parser=<colcon_mixin.mixin.mixin_argument.MixinArgumentDecorator object at 0x7610b50807f0>, verb_extension=<colcon_core.verb.build.BuildVerb object at 0x7610b5080220>, main=<bound method BuildVerb.main of <colcon_core.verb.build.BuildVerb object at 0x7610b5080220>>, mixin_verb=('build',))
[0.221s] Level 1:colcon.colcon_core.package_discovery:discover_packages(colcon_meta) check parameters
[0.221s] Level 1:colcon.colcon_core.package_discovery:discover_packages(recursive) check parameters
[0.222s] Level 1:colcon.colcon_core.package_discovery:discover_packages(ignore) check parameters
[0.222s] Level 1:colcon.colcon_core.package_discovery:discover_packages(path) check parameters
[0.222s] Level 1:colcon.colcon_core.package_discovery:discover_packages(colcon_meta) discover
[0.222s] Level 1:colcon.colcon_core.package_discovery:discover_packages(recursive) discover
[0.222s] INFO:colcon.colcon_core.package_discovery:Crawling recursively for packages in '/home/abdul/Desktop/intp assignment/task_1_ws'
[0.222s] Level 1:colcon.colcon_core.package_identification:_identify(.) by extensions ['ignore', 'ignore_ament_install']
[0.222s] Level 1:colcon.colcon_core.package_identification:_identify(.) by extension 'ignore'
[0.222s] Level 1:colcon.colcon_core.package_identification:_identify(.) by extension 'ignore_ament_install'
[0.222s] Level 1:colcon.colcon_core.package_identification:_identify(.) by extensions ['colcon_pkg']
[0.222s] Level 1:colcon.colcon_core.package_identification:_identify(.) by extension 'colcon_pkg'
[0.222s] Level 1:colcon.colcon_core.package_identification:_identify(.) by extensions ['colcon_meta']
[0.222s] Level 1:colcon.colcon_core.package_identification:_identify(.) by extension 'colcon_meta'
[0.222s] Level 1:colcon.colcon_core.package_identification:_identify(.) by extensions ['ros']
[0.222s] Level 1:colcon.colcon_core.package_identification:_identify(.) by extension 'ros'
[0.235s] Level 1:colcon.colcon_core.package_identification:_identify(.) by extensions ['cmake', 'python']
[0.235s] Level 1:colcon.colcon_core.package_identification:_identify(.) by extension 'cmake'
[0.235s] Level 1:colcon.colcon_core.package_identification:_identify(.) by extension 'python'
[0.235s] Level 1:colcon.colcon_core.package_identification:_identify(.) by extensions ['python_setup_py']
[0.235s] Level 1:colcon.colcon_core.package_identification:_identify(.) by extension 'python_setup_py'
[0.235s] Level 1:colcon.colcon_core.package_identification:_identify(build) by extensions ['ignore', 'ignore_ament_install']
[0.235s] Level 1:colcon.colcon_core.package_identification:_identify(build) by extension 'ignore'
[0.235s] Level 1:colcon.colcon_core.package_identification:_identify(build) ignored
[0.235s] Level 1:colcon.colcon_core.package_identification:_identify(install) by extensions ['ignore', 'ignore_ament_install']
[0.236s] Level 1:colcon.colcon_core.package_identification:_identify(install) by extension 'ignore'
[0.236s] Level 1:colcon.colcon_core.package_identification:_identify(install) ignored
[0.236s] Level 1:colcon.colcon_core.package_identification:_identify(log) by extensions ['ignore', 'ignore_ament_install']
[0.236s] Level 1:colcon.colcon_core.package_identification:_identify(log) by extension 'ignore'
[0.236s] Level 1:colcon.colcon_core.package_identification:_identify(log) ignored
[0.236s] Level 1:colcon.colcon_core.package_identification:_identify(src) by extensions ['ignore', 'ignore_ament_install']
[0.236s] Level 1:colcon.colcon_core.package_identification:_identify(src) by extension 'ignore'
[0.236s] Level 1:colcon.colcon_core.package_identification:_identify(src) by extension 'ignore_ament_install'
[0.236s] Level 1:colcon.colcon_core.package_identification:_identify(src) by extensions ['colcon_pkg']
[0.236s] Level 1:colcon.colcon_core.package_identification:_identify(src) by extension 'colcon_pkg'
[0.236s] Level 1:colcon.colcon_core.package_identification:_identify(src) by extensions ['colcon_meta']
[0.236s] Level 1:colcon.colcon_core.package_identification:_identify(src) by extension 'colcon_meta'
[0.236s] Level 1:colcon.colcon_core.package_identification:_identify(src) by extensions ['ros']
[0.236s] Level 1:colcon.colcon_core.package_identification:_identify(src) by extension 'ros'
[0.236s] Level 1:colcon.colcon_core.package_identification:_identify(src) by extensions ['cmake', 'python']
[0.236s] Level 1:colcon.colcon_core.package_identification:_identify(src) by extension 'cmake'
[0.236s] Level 1:colcon.colcon_core.package_identification:_identify(src) by extension 'python'
[0.236s] Level 1:colcon.colcon_core.package_identification:_identify(src) by extensions ['python_setup_py']
[0.236s] Level 1:colcon.colcon_core.package_identification:_identify(src) by extension 'python_setup_py'
[0.236s] Level 1:colcon.colcon_core.package_identification:_identify(src/task1_quadrotor) by extensions ['ignore', 'ignore_ament_install']
[0.236s] Level 1:colcon.colcon_core.package_identification:_identify(src/task1_quadrotor) by extension 'ignore'
[0.236s] Level 1:colcon.colcon_core.package_identification:_identify(src/task1_quadrotor) by extension 'ignore_ament_install'
[0.236s] Level 1:colcon.colcon_core.package_identification:_identify(src/task1_quadrotor) by extensions ['colcon_pkg']
[0.236s] Level 1:colcon.colcon_core.package_identification:_identify(src/task1_quadrotor) by extension 'colcon_pkg'
[0.236s] Level 1:colcon.colcon_core.package_identification:_identify(src/task1_quadrotor) by extensions ['colcon_meta']
[0.236s] Level 1:colcon.colcon_core.package_identification:_identify(src/task1_quadrotor) by extension 'colcon_meta'
[0.236s] Level 1:colcon.colcon_core.package_identification:_identify(src/task1_quadrotor) by extensions ['ros']
[0.236s] Level 1:colcon.colcon_core.package_identification:_identify(src/task1_quadrotor) by extension 'ros'
[0.239s] DEBUG:colcon.colcon_core.package_identification:Package 'src/task1_quadrotor' with type 'ros.ament_python' and name 'task1_quadrotor'
[0.239s] Level 1:colcon.colcon_core.package_discovery:discover_packages(recursive) using defaults
[0.239s] Level 1:colcon.colcon_core.package_discovery:discover_packages(ignore) discover
[0.239s] Level 1:colcon.colcon_core.package_discovery:discover_packages(ignore) using defaults
[0.239s] Level 1:colcon.colcon_core.package_discovery:discover_packages(path) discover
[0.239s] Level 1:colcon.colcon_core.package_discovery:discover_packages(path) using defaults
[0.254s] Level 1:colcon.colcon_core.package_discovery:discover_packages(prefix_path) check parameters
[0.254s] Level 1:colcon.colcon_core.package_discovery:discover_packages(prefix_path) discover
[0.256s] DEBUG:colcon.colcon_installed_package_information.package_discovery:Found 1 installed packages in /home/abdul/Desktop/intp assignment/task_1_ws/install
[0.257s] DEBUG:colcon.colcon_installed_package_information.package_discovery:Found 493 installed packages in /opt/ros/humble
[0.259s] Level 1:colcon.colcon_core.package_discovery:discover_packages(prefix_path) using defaults
[0.292s] Level 5:colcon.colcon_core.verb:set package 'task1_quadrotor' build argument 'cmake_args' from command line to 'None'
[0.292s] Level 5:colcon.colcon_core.verb:set package 'task1_quadrotor' build argument 'cmake_target' from command line to 'None'
[0.292s] Level 5:colcon.colcon_core.verb:set package 'task1_quadrotor' build argument 'cmake_target_skip_unavailable' from command line to 'False'
[0.292s] Level 5:colcon.colcon_core.verb:set package 'task1_quadrotor' build argument 'cmake_clean_cache' from command line to 'False'
[0.292s] Level 5:colcon.colcon_core.verb:set package 'task1_quadrotor' build argument 'cmake_clean_first' from command line to 'False'
[0.292s] Level 5:colcon.colcon_core.verb:set package 'task1_quadrotor' build argument 'cmake_force_configure' from command line to 'False'
[0.292s] Level 5:colcon.colcon_core.verb:set package 'task1_quadrotor' build argument 'ament_cmake_args' from command line to 'None'
[0.292s] Level 5:colcon.colcon_core.verb:set package 'task1_quadrotor' build argument 'catkin_cmake_args' from command line to 'None'
[0.292s] Level 5:colcon.colcon_core.verb:set package 'task1_quadrotor' build argument 'catkin_skip_building_tests' from command line to 'False'
[0.293s] DEBUG:colcon.colcon_core.verb:Building package 'task1_quadrotor' with the following arguments: {'ament_cmake_args': None, 'build_base': '/home/abdul/Desktop/intp assignment/task_1_ws/build/task1_quadrotor', 'catkin_cmake_args': None, 'catkin_skip_building_tests': False, 'cmake_args': None, 'cmake_clean_cache': False, 'cmake_clean_first': False, 'cmake_force_configure': False, 'cmake_target': None, 'cmake_target_skip_unavailable': False, 'install_base': '/home/abdul/Desktop/intp assignment/task_1_ws/install/task1_quadrotor', 'merge_install': False, 'path': '/home/abdul/Desktop/intp assignment/task_1_ws/src/task1_quadrotor', 'symlink_install': True, 'test_result_base': None}
[0.293s] INFO:colcon.colcon_core.executor:Executing jobs using 'parallel' executor
[0.293s] DEBUG:colcon.colcon_parallel_executor.executor.parallel:run_until_complete
[0.293s] INFO:colcon.colcon_ros.task.ament_python.build:Building ROS package in '/home/abdul/Desktop/intp assignment/task_1_ws/src/task1_quadrotor' with build type 'ament_python'
[0.294s] Level 1:colcon.colcon_core.shell:create_environment_hook('task1_quadrotor', 'ament_prefix_path')
[0.295s] INFO:colcon.colcon_core.plugin_system:Skipping extension 'colcon_core.shell.bat': Not used on non-Windows systems
[0.296s] INFO:colcon.colcon_core.shell:Creating environment hook '/home/abdul/Desktop/intp assignment/task_1_ws/install/task1_quadrotor/share/task1_quadrotor/hook/ament_prefix_path.ps1'
[0.296s] INFO:colcon.colcon_core.shell:Creating environment descriptor '/home/abdul/Desktop/intp assignment/task_1_ws/install/task1_quadrotor/share/task1_quadrotor/hook/ament_prefix_path.dsv'
[0.296s] INFO:colcon.colcon_core.shell:Creating environment hook '/home/abdul/Desktop/intp assignment/task_1_ws/install/task1_quadrotor/share/task1_quadrotor/hook/ament_prefix_path.sh'
[0.297s] INFO:colcon.colcon_core.shell:Skip shell extension 'powershell' for command environment: Not usable outside of PowerShell
[0.297s] DEBUG:colcon.colcon_core.shell:Skip shell extension 'dsv' for command environment
[0.476s] INFO:colcon.colcon_core.task.python.build:Building Python package in '/home/abdul/Desktop/intp assignment/task_1_ws/src/task1_quadrotor'
[0.477s] INFO:colcon.colcon_core.shell:Skip shell extension 'powershell' for command environment: Not usable outside of PowerShell
[0.477s] DEBUG:colcon.colcon_core.shell:Skip shell extension 'dsv' for command environment
[0.766s] DEBUG:colcon.colcon_core.task.python.build:Available setuptools commands: build, sdist, bdist_dumb, bdist_wheel, build_ext, build_clib, install_data, clean, rotate, upload_docs, symlink_data, bdist_rpm, install_egg_info, install_lib, test, saveopts, nosetests, setopt, check, develop, install, build_scripts, dist_info, bdist_egg, egg_info, install_scripts, init_catalog, install_headers, bdist, build_py, extract_messages, upload, easy_install, update_catalog, compile_catalog, alias, register
[0.949s] DEBUG:colcon.colcon_core.task.python.build:Available setuptools 'develop' options: --multi-version, --quiet, --help, --index-url, --install-dir, --force-installation-into-system-dir, --editable, --uninstall, --local-snapshots-ok, --optimize, --no-find-links, --upgrade, --script-dir, --user, --no-user-cfg, --zip-ok, --build-directory, --always-unzip, --install-layout, --always-copy, --egg-path, --record, --allow-hosts, --verbose, --site-dirs, --find-links, --prefix, --version, --no-deps, --dry-run, --exclude-scripts
[0.949s] DEBUG:colcon.colcon_core.task.python.build:While undoing a previous installation files outside the Python library path are being ignored: /home/abdul/Desktop/intp assignment/task_1_ws/install/task1_quadrotor/share/ament_index/resource_index/packages/task1_quadrotor
[0.949s] DEBUG:colcon.colcon_core.task.python.build:While undoing a previous installation files outside the Python library path are being ignored: /home/abdul/Desktop/intp assignment/task_1_ws/install/task1_quadrotor/share/task1_quadrotor/package.xml
[0.949s] DEBUG:colcon.colcon_core.task.python.build:While undoing a previous installation files outside the Python library path are being ignored: /home/abdul/Desktop/intp assignment/task_1_ws/install/task1_quadrotor/share/task1_quadrotor/launch/gazebo.launch.py
[0.949s] DEBUG:colcon.colcon_core.task.python.build:While undoing a previous installation files outside the Python library path are being ignored: /home/abdul/Desktop/intp assignment/task_1_ws/install/task1_quadrotor/share/task1_quadrotor/launch/task1.launch.py
[0.949s] DEBUG:colcon.colcon_core.task.python.build:While undoing a previous installation files outside the Python library path are being ignored: /home/abdul/Desktop/intp assignment/task_1_ws/install/task1_quadrotor/share/task1_quadrotor/launch/control.launch.py
[0.949s] DEBUG:colcon.colcon_core.task.python.build:While undoing a previous installation files outside the Python library path are being ignored: /home/abdul/Desktop/intp assignment/task_1_ws/install/task1_quadrotor/share/task1_quadrotor/launch/bridge.launch.py
[0.949s] DEBUG:colcon.colcon_core.task.python.build:While undoing a previous installation files outside the Python library path are being ignored: /home/abdul/Desktop/intp assignment/task_1_ws/install/task1_quadrotor/share/task1_quadrotor/worlds/task1_world.sdf
[0.949s] DEBUG:colcon.colcon_core.task.python.build:While undoing a previous installation files outside the Python library path are being ignored: /home/abdul/Desktop/intp assignment/task_1_ws/install/task1_quadrotor/share/task1_quadrotor/models/vosk-model-small-en-us-0.15/README
[0.949s] DEBUG:colcon.colcon_core.task.python.build:While undoing a previous installation files outside the Python library path are being ignored: /home/abdul/Desktop/intp assignment/task_1_ws/install/task1_quadrotor/share/task1_quadrotor/models/vosk-model-small-en-us-0.15/conf/model.conf
[0.949s] DEBUG:colcon.colcon_core.task.python.build:While undoing a previous installation files outside the Python library path are being ignored: /home/abdul/Desktop/intp assignment/task_1_ws/install/task1_quadrotor/share/task1_quadrotor/models/vosk-model-small-en-us-0.15/conf/mfcc.conf
[0.949s] DEBUG:colcon.colcon_core.task.python.build:While undoing a previous installation files outside the Python library path are being ignored: /home/abdul/Desktop/intp assignment/task_1_ws/install/task1_quadrotor/share/task1_quadrotor/models/vosk-model-small-en-us-0.15/am/final.mdl
[0.949s] DEBUG:colcon.colcon_core.task.python.build:While undoing a previous installation files outside the Python library path are being ignored: /home/abdul/Desktop/intp assignment/task_1_ws/install/task1_quadrotor/share/task1_quadrotor/models/vosk-model-small-en-us-0.15/ivector/splice.conf
[0.949s] DEBUG:colcon.colcon_core.task.python.build:While undoing a previous installation files outside the Python library path are being ignored: /home/abdul/Desktop/intp assignment/task_1_ws/install/task1_quadrotor/share/task1_quadrotor/models/vosk-model-small-en-us-0.15/ivector/final.ie
[0.949s] DEBUG:colcon.colcon_core.task.python.build:While undoing a previous installation files outside the Python library path are being ignored: /home/abdul/Desktop/intp assignment/task_1_ws/install/task1_quadrotor/share/task1_quadrotor/models/vosk-model-small-en-us-0.15/ivector/online_cmvn.conf
[0.949s] DEBUG:colcon.colcon_core.task.python.build:While undoing a previous installation files outside the Python library path are being ignored: /home/abdul/Desktop/intp assignment/task_1_ws/install/task1_quadrotor/share/task1_quadrotor/models/vosk-model-small-en-us-0.15/ivector/final.dubm
[0.949s] DEBUG:colcon.colcon_core.task.python.build:While undoing a previous installation files outside the Python library path are being ignored: /home/abdul/Desktop/intp assignment/task_1_ws/install/task1_quadrotor/share/task1_quadrotor/models/vosk-model-small-en-us-0.15/ivector/final.mat
[0.949s] DEBUG:colcon.colcon_core.task.python.build:While undoing a previous installation files outside the Python library path are being ignored: /home/abdul/Desktop/intp assignment/task_1_ws/install/task1_quadrotor/share/task1_quadrotor/models/vosk-model-small-en-us-0.15/ivector/global_cmvn.stats
[0.949s] DEBUG:colcon.colcon_core.task.python.build:While undoing a previous installation files outside the Python library path are being ignored: /home/abdul/Desktop/intp assignment/task_1_ws/install/task1_quadrotor/share/task1_quadrotor/models/vosk-model-small-en-us-0.15/graph/disambig_tid.int
[0.949s] DEBUG:colcon.colcon_core.task.python.build:While undoing a previous installation files outside the Python library path are being ignored: /home/abdul/Desktop/intp assignment/task_1_ws/install/task1_quadrotor/share/task1_quadrotor/models/vosk-model-small-en-us-0.15/graph/HCLr.fst
[0.949s] DEBUG:colcon.colcon_core.task.python.build:While undoing a previous installation files outside the Python library path are being ignored: /home/abdul/Desktop/intp assignment/task_1_ws/install/task1_quadrotor/share/task1_quadrotor/models/vosk-model-small-en-us-0.15/graph/Gr.fst
[0.949s] DEBUG:colcon.colcon_core.task.python.build:While undoing a previous installation files outside the Python library path are being ignored: /home/abdul/Desktop/intp assignment/task_1_ws/install/task1_quadrotor/share/task1_quadrotor/models/vosk-model-small-en-us-0.15/graph/phones/word_boundary.int
[0.949s] DEBUG:colcon.colcon_core.task.python.build:While undoing a previous installation files outside the Python library path are being ignored: /home/abdul/Desktop/intp assignment/task_1_ws/install/task1_quadrotor/lib/task1_quadrotor/command_sender_ui
[0.949s] DEBUG:colcon.colcon_core.task.python.build:While undoing a previous installation files outside the Python library path are being ignored: /home/abdul/Desktop/intp assignment/task_1_ws/install/task1_quadrotor/lib/task1_quadrotor/controller
[0.949s] DEBUG:colcon.colcon_core.task.python.build:While undoing a previous installation files outside the Python library path are being ignored: /home/abdul/Desktop/intp assignment/task_1_ws/install/task1_quadrotor/lib/task1_quadrotor/odom_gui
[0.951s] DEBUG:colcon.colcon_core.event_handler.log_command:Invoking command in '/home/abdul/Desktop/intp assignment/task_1_ws/build/task1_quadrotor': PYTHONPATH=/home/abdul/Desktop/intp assignment/task_1_ws/build/task1_quadrotor/prefix_override:/usr/lib/python3/dist-packages/colcon_core/task/python/colcon_distutils_commands:/home/abdul/Desktop/intp assignment/task_1_ws/install/task1_quadrotor/lib/python3.10/site-packages:${PYTHONPATH} /usr/bin/python3 -W ignore:setup.py install is deprecated -W ignore:easy_install command is deprecated setup.py develop --editable --build-directory /home/abdul/Desktop/intp assignment/task_1_ws/build/task1_quadrotor/build --no-deps symlink_data --force
[1.261s] Level 1:colcon.colcon_core.shell:create_environment_hook('task1_quadrotor', 'pythonpath_develop')
[1.261s] INFO:colcon.colcon_core.shell:Creating environment hook '/home/abdul/Desktop/intp assignment/task_1_ws/build/task1_quadrotor/share/task1_quadrotor/hook/pythonpath_develop.ps1'
[1.262s] DEBUG:colcon.colcon_core.event_handler.log_command:Invoked command in '/home/abdul/Desktop/intp assignment/task_1_ws/build/task1_quadrotor' returned '0': PYTHONPATH=/home/abdul/Desktop/intp assignment/task_1_ws/build/task1_quadrotor/prefix_override:/usr/lib/python3/dist-packages/colcon_core/task/python/colcon_distutils_commands:/home/abdul/Desktop/intp assignment/task_1_ws/install/task1_quadrotor/lib/python3.10/site-packages:${PYTHONPATH} /usr/bin/python3 -W ignore:setup.py install is deprecated -W ignore:easy_install command is deprecated setup.py develop --editable --build-directory /home/abdul/Desktop/intp assignment/task_1_ws/build/task1_quadrotor/build --no-deps symlink_data --force
[1.262s] INFO:colcon.colcon_core.shell:Creating environment descriptor '/home/abdul/Desktop/intp assignment/task_1_ws/build/task1_quadrotor/share/task1_quadrotor/hook/pythonpath_develop.dsv'
[1.262s] INFO:colcon.colcon_core.shell:Creating environment hook '/home/abdul/Desktop/intp assignment/task_1_ws/build/task1_quadrotor/share/task1_quadrotor/hook/pythonpath_develop.sh'
[1.265s] Level 1:colcon.colcon_core.environment:checking '/home/abdul/Desktop/intp assignment/task_1_ws/install/task1_quadrotor' for CMake module files
[1.265s] Level 1:colcon.colcon_core.environment:checking '/home/abdul/Desktop/intp assignment/task_1_ws/install/task1_quadrotor' for CMake config files
[1.265s] Level 1:colcon.colcon_core.environment:checking '/home/abdul/Desktop/intp assignment/task_1_ws/install/task1_quadrotor/lib'
[1.266s] Level 1:colcon.colcon_core.environment:checking '/home/abdul/Desktop/intp assignment/task_1_ws/install/task1_quadrotor/bin'
[1.266s] Level 1:colcon.colcon_core.environment:checking '/home/abdul/Desktop/intp assignment/task_1_ws/install/task1_quadrotor/lib/pkgconfig/task1_quadrotor.pc'
[1.266s] Level 1:colcon.colcon_core.environment:checking '/home/abdul/Desktop/intp assignment/task_1_ws/install/task1_quadrotor/lib/python3.10/site-packages'
[1.266s] Level 1:colcon.colcon_core.shell:create_environment_hook('task1_quadrotor', 'pythonpath')
[1.266s] INFO:colcon.colcon_core.shell:Creating environment hook '/home/abdul/Desktop/intp assignment/task_1_ws/install/task1_quadrotor/share/task1_quadrotor/hook/pythonpath.ps1'
[1.266s] INFO:colcon.colcon_core.shell:Creating environment descriptor '/home/abdul/Desktop/intp assignment/task_1_ws/install/task1_quadrotor/share/task1_quadrotor/hook/pythonpath.dsv'
[1.266s] INFO:colcon.colcon_core.shell:Creating environment hook '/home/abdul/Desktop/intp assignment/task_1_ws/install/task1_quadrotor/share/task1_quadrotor/hook/pythonpath.sh'
[1.267s] Level 1:colcon.colcon_core.environment:checking '/home/abdul/Desktop/intp assignment/task_1_ws/install/task1_quadrotor/bin'
[1.267s] Level 1:colcon.colcon_core.environment:create_environment_scripts_only(task1_quadrotor)
[1.267s] INFO:colcon.colcon_core.shell:Creating package script '/home/abdul/Desktop/intp assignment/task_1_ws/install/task1_quadrotor/share/task1_quadrotor/package.ps1'
[1.268s] INFO:colcon.colcon_core.shell:Creating package descriptor '/home/abdul/Desktop/intp assignment/task_1_ws/install/task1_quadrotor/share/task1_quadrotor/package.dsv'
[1.268s] INFO:colcon.colcon_core.shell:Creating package script '/home/abdul/Desktop/intp assignment/task_1_ws/install/task1_quadrotor/share/task1_quadrotor/package.sh'
[1.269s] INFO:colcon.colcon_core.shell:Creating package script '/home/abdul/Desktop/intp assignment/task_1_ws/install/task1_quadrotor/share/task1_quadrotor/package.bash'
[1.269s] INFO:colcon.colcon_core.shell:Creating package script '/home/abdul/Desktop/intp assignment/task_1_ws/install/task1_quadrotor/share/task1_quadrotor/package.zsh'
[1.270s] Level 1:colcon.colcon_core.environment:create_file_with_runtime_dependencies(/home/abdul/Desktop/intp assignment/task_1_ws/install/task1_quadrotor/share/colcon-core/packages/task1_quadrotor)
[1.270s] DEBUG:colcon.colcon_parallel_executor.executor.parallel:closing loop
[1.270s] DEBUG:colcon.colcon_parallel_executor.executor.parallel:loop closed
[1.270s] DEBUG:colcon.colcon_parallel_executor.executor.parallel:run_until_complete finished with '0'
[1.270s] DEBUG:colcon.colcon_core.event_reactor:joining thread
[1.274s] INFO:colcon.colcon_core.plugin_system:Skipping extension 'colcon_notification.desktop_notification.terminal_notifier': Not used on non-Darwin systems
[1.274s] INFO:colcon.colcon_core.plugin_system:Skipping extension 'colcon_notification.desktop_notification.win32': Not used on non-Windows systems
[1.274s] INFO:colcon.colcon_notification.desktop_notification:Sending desktop notification using 'notify2'
[1.289s] DEBUG:colcon.colcon_core.event_reactor:joined thread
[1.289s] INFO:colcon.colcon_core.shell:Creating prefix script '/home/abdul/Desktop/intp assignment/task_1_ws/install/local_setup.ps1'
[1.290s] INFO:colcon.colcon_core.shell:Creating prefix util module '/home/abdul/Desktop/intp assignment/task_1_ws/install/_local_setup_util_ps1.py'
[1.291s] INFO:colcon.colcon_core.shell:Creating prefix chain script '/home/abdul/Desktop/intp assignment/task_1_ws/install/setup.ps1'
[1.292s] INFO:colcon.colcon_core.shell:Creating prefix script '/home/abdul/Desktop/intp assignment/task_1_ws/install/local_setup.sh'
[1.293s] INFO:colcon.colcon_core.shell:Creating prefix util module '/home/abdul/Desktop/intp assignment/task_1_ws/install/_local_setup_util_sh.py'
[1.293s] INFO:colcon.colcon_core.shell:Creating prefix chain script '/home/abdul/Desktop/intp assignment/task_1_ws/install/setup.sh'
[1.294s] INFO:colcon.colcon_core.shell:Creating prefix script '/home/abdul/Desktop/intp assignment/task_1_ws/install/local_setup.bash'
[1.294s] INFO:colcon.colcon_core.shell:Creating prefix chain script '/home/abdul/Desktop/intp assignment/task_1_ws/install/setup.bash'
[1.295s] INFO:colcon.colcon_core.shell:Creating prefix script '/home/abdul/Desktop/intp assignment/task_1_ws/install/local_setup.zsh'
[1.295s] INFO:colcon.colcon_core.shell:Creating prefix chain script '/home/abdul/Desktop/intp assignment/task_1_ws/install/setup.zsh'
