[0.412s] Invoking command in '/home/abdul/Desktop/intp assignment/task_1_ws/src/task1_quadrotor': PYTHONPATH=/home/abdul/Desktop/intp assignment/task_1_ws/build/task1_quadrotor/prefix_override:/usr/lib/python3/dist-packages/colcon_core/task/python/colcon_distutils_commands:/home/abdul/Desktop/intp assignment/task_1_ws/install/task1_quadrotor/lib/python3.10/site-packages:${PYTHONPATH} /usr/bin/python3 -W ignore:setup.py install is deprecated -W ignore:easy_install command is deprecated setup.py egg_info --egg-base ../../build/task1_quadrotor build --build-base /home/abdul/Desktop/intp assignment/task_1_ws/build/task1_quadrotor/build install --record /home/abdul/Desktop/intp assignment/task_1_ws/build/task1_quadrotor/install.log --install-scripts $base/lib/task1_quadrotor --single-version-externally-managed install_data
[0.575s] running egg_info
[0.576s] writing ../../build/task1_quadrotor/task1_quadrotor.egg-info/PKG-INFO
[0.576s] writing dependency_links to ../../build/task1_quadrotor/task1_quadrotor.egg-info/dependency_links.txt
[0.576s] writing entry points to ../../build/task1_quadrotor/task1_quadrotor.egg-info/entry_points.txt
[0.576s] writing requirements to ../../build/task1_quadrotor/task1_quadrotor.egg-info/requires.txt
[0.576s] writing top-level names to ../../build/task1_quadrotor/task1_quadrotor.egg-info/top_level.txt
[0.578s] reading manifest file '../../build/task1_quadrotor/task1_quadrotor.egg-info/SOURCES.txt'
[0.579s] adding license file 'LICENSE'
[0.580s] writing manifest file '../../build/task1_quadrotor/task1_quadrotor.egg-info/SOURCES.txt'
[0.580s] running build
[0.580s] running build_py
[0.580s] copying task1_quadrotor/tf_broadcaster.py -> /home/abdul/Desktop/intp assignment/task_1_ws/build/task1_quadrotor/build/lib/task1_quadrotor
[0.580s] running install
[0.581s] running install_lib
[0.581s] copying /home/abdul/Desktop/intp assignment/task_1_ws/build/task1_quadrotor/build/lib/task1_quadrotor/tf_broadcaster.py -> /home/abdul/Desktop/intp assignment/task_1_ws/install/task1_quadrotor/lib/python3.10/site-packages/task1_quadrotor
[0.582s] byte-compiling /home/abdul/Desktop/intp assignment/task_1_ws/install/task1_quadrotor/lib/python3.10/site-packages/task1_quadrotor/tf_broadcaster.py to tf_broadcaster.cpython-310.pyc
[0.583s] running install_data
[0.583s] copying package.xml -> /home/abdul/Desktop/intp assignment/task_1_ws/install/task1_quadrotor/share/task1_quadrotor
[0.583s] copying launch/bridge.launch.py -> /home/abdul/Desktop/intp assignment/task_1_ws/install/task1_quadrotor/share/task1_quadrotor/launch
[0.584s] running install_egg_info
[0.586s] removing '/home/abdul/Desktop/intp assignment/task_1_ws/install/task1_quadrotor/lib/python3.10/site-packages/task1_quadrotor-0.0.0-py3.10.egg-info' (and everything under it)
[0.586s] Copying ../../build/task1_quadrotor/task1_quadrotor.egg-info to /home/abdul/Desktop/intp assignment/task_1_ws/install/task1_quadrotor/lib/python3.10/site-packages/task1_quadrotor-0.0.0-py3.10.egg-info
[0.586s] running install_scripts
[0.604s] Installing command_sender_ui script to /home/abdul/Desktop/intp assignment/task_1_ws/install/task1_quadrotor/lib/task1_quadrotor
[0.605s] Installing controller script to /home/abdul/Desktop/intp assignment/task_1_ws/install/task1_quadrotor/lib/task1_quadrotor
[0.605s] Installing odom_gui script to /home/abdul/Desktop/intp assignment/task_1_ws/install/task1_quadrotor/lib/task1_quadrotor
[0.605s] Installing tf_broadcaster script to /home/abdul/Desktop/intp assignment/task_1_ws/install/task1_quadrotor/lib/task1_quadrotor
[0.605s] writing list of installed files to '/home/abdul/Desktop/intp assignment/task_1_ws/build/task1_quadrotor/install.log'
[0.620s] Invoked command in '/home/abdul/Desktop/intp assignment/task_1_ws/src/task1_quadrotor' returned '0': PYTHONPATH=/home/abdul/Desktop/intp assignment/task_1_ws/build/task1_quadrotor/prefix_override:/usr/lib/python3/dist-packages/colcon_core/task/python/colcon_distutils_commands:/home/abdul/Desktop/intp assignment/task_1_ws/install/task1_quadrotor/lib/python3.10/site-packages:${PYTHONPATH} /usr/bin/python3 -W ignore:setup.py install is deprecated -W ignore:easy_install command is deprecated setup.py egg_info --egg-base ../../build/task1_quadrotor build --build-base /home/abdul/Desktop/intp assignment/task_1_ws/build/task1_quadrotor/build install --record /home/abdul/Desktop/intp assignment/task_1_ws/build/task1_quadrotor/install.log --install-scripts $base/lib/task1_quadrotor --single-version-externally-managed install_data
