running egg_info
writing ../../build/task1_quadrotor/task1_quadrotor.egg-info/PKG-INFO
writing dependency_links to ../../build/task1_quadrotor/task1_quadrotor.egg-info/dependency_links.txt
writing entry points to ../../build/task1_quadrotor/task1_quadrotor.egg-info/entry_points.txt
writing requirements to ../../build/task1_quadrotor/task1_quadrotor.egg-info/requires.txt
writing top-level names to ../../build/task1_quadrotor/task1_quadrotor.egg-info/top_level.txt
reading manifest file '../../build/task1_quadrotor/task1_quadrotor.egg-info/SOURCES.txt'
adding license file 'LICENSE'
writing manifest file '../../build/task1_quadrotor/task1_quadrotor.egg-info/SOURCES.txt'
running build
running build_py
copying task1_quadrotor/odom_gui.py -> /home/abdul/Desktop/intp assignment/task_1_ws/build/task1_quadrotor/build/lib/task1_quadrotor
running install
running install_lib
copying /home/abdul/Desktop/intp assignment/task_1_ws/build/task1_quadrotor/build/lib/task1_quadrotor/odom_gui.py -> /home/abdul/Desktop/intp assignment/task_1_ws/install/task1_quadrotor/lib/python3.10/site-packages/task1_quadrotor
byte-compiling /home/abdul/Desktop/intp assignment/task_1_ws/install/task1_quadrotor/lib/python3.10/site-packages/task1_quadrotor/odom_gui.py to odom_gui.cpython-310.pyc
running install_data
running install_egg_info
removing '/home/abdul/Desktop/intp assignment/task_1_ws/install/task1_quadrotor/lib/python3.10/site-packages/task1_quadrotor-0.0.0-py3.10.egg-info' (and everything under it)
Copying ../../build/task1_quadrotor/task1_quadrotor.egg-info to /home/abdul/Desktop/intp assignment/task_1_ws/install/task1_quadrotor/lib/python3.10/site-packages/task1_quadrotor-0.0.0-py3.10.egg-info
running install_scripts
Installing command_sender_ui script to /home/abdul/Desktop/intp assignment/task_1_ws/install/task1_quadrotor/lib/task1_quadrotor
Installing controller script to /home/abdul/Desktop/intp assignment/task_1_ws/install/task1_quadrotor/lib/task1_quadrotor
Installing odom_gui script to /home/abdul/Desktop/intp assignment/task_1_ws/install/task1_quadrotor/lib/task1_quadrotor
writing list of installed files to '/home/abdul/Desktop/intp assignment/task_1_ws/build/task1_quadrotor/install.log'
