running egg_info
writing ../../build/task1_quadrotor/task1_quadrotor.egg-info/PKG-INFO
writing dependency_links to ../../build/task1_quadrotor/task1_quadrotor.egg-info/dependency_links.txt
writing entry points to ../../build/task1_quadrotor/task1_quadrotor.egg-info/entry_points.txt
writing requirements to ../../build/task1_quadrotor/task1_quadrotor.egg-info/requires.txt
writing top-level names to ../../build/task1_quadrotor/task1_quadrotor.egg-info/top_level.txt
reading manifest file '../../build/task1_quadrotor/task1_quadrotor.egg-info/SOURCES.txt'
adding license file 'LICENSE'
writing manifest file '../../build/task1_quadrotor/task1_quadrotor.egg-info/SOURCES.txt'
running build
running build_py
copying task1_quadrotor/command_sender_ui.py -> /home/abdul/Desktop/intp assignment/task_1_ws/build/task1_quadrotor/build/lib/task1_quadrotor
copying task1_quadrotor/voice_controller.py -> /home/abdul/Desktop/intp assignment/task_1_ws/build/task1_quadrotor/build/lib/task1_quadrotor
running install
running install_lib
copying /home/abdul/Desktop/intp assignment/task_1_ws/build/task1_quadrotor/build/lib/task1_quadrotor/command_sender_ui.py -> /home/abdul/Desktop/intp assignment/task_1_ws/install/task1_quadrotor/lib/python3.10/site-packages/task1_quadrotor
copying /home/abdul/Desktop/intp assignment/task_1_ws/build/task1_quadrotor/build/lib/task1_quadrotor/voice_controller.py -> /home/abdul/Desktop/intp assignment/task_1_ws/install/task1_quadrotor/lib/python3.10/site-packages/task1_quadrotor
byte-compiling /home/abdul/Desktop/intp assignment/task_1_ws/install/task1_quadrotor/lib/python3.10/site-packages/task1_quadrotor/command_sender_ui.py to command_sender_ui.cpython-310.pyc
byte-compiling /home/abdul/Desktop/intp assignment/task_1_ws/install/task1_quadrotor/lib/python3.10/site-packages/task1_quadrotor/voice_controller.py to voice_controller.cpython-310.pyc
running install_data
creating /home/abdul/Desktop/intp assignment/task_1_ws/install/task1_quadrotor/share/task1_quadrotor/models
creating /home/abdul/Desktop/intp assignment/task_1_ws/install/task1_quadrotor/share/task1_quadrotor/models/vosk-model-small-en-us-0.15
copying models/vosk-model-small-en-us-0.15/README -> /home/abdul/Desktop/intp assignment/task_1_ws/install/task1_quadrotor/share/task1_quadrotor/models/vosk-model-small-en-us-0.15
creating /home/abdul/Desktop/intp assignment/task_1_ws/install/task1_quadrotor/share/task1_quadrotor/models/vosk-model-small-en-us-0.15/conf
copying models/vosk-model-small-en-us-0.15/conf/model.conf -> /home/abdul/Desktop/intp assignment/task_1_ws/install/task1_quadrotor/share/task1_quadrotor/models/vosk-model-small-en-us-0.15/conf
copying models/vosk-model-small-en-us-0.15/conf/mfcc.conf -> /home/abdul/Desktop/intp assignment/task_1_ws/install/task1_quadrotor/share/task1_quadrotor/models/vosk-model-small-en-us-0.15/conf
creating /home/abdul/Desktop/intp assignment/task_1_ws/install/task1_quadrotor/share/task1_quadrotor/models/vosk-model-small-en-us-0.15/am
copying models/vosk-model-small-en-us-0.15/am/final.mdl -> /home/abdul/Desktop/intp assignment/task_1_ws/install/task1_quadrotor/share/task1_quadrotor/models/vosk-model-small-en-us-0.15/am
creating /home/abdul/Desktop/intp assignment/task_1_ws/install/task1_quadrotor/share/task1_quadrotor/models/vosk-model-small-en-us-0.15/ivector
copying models/vosk-model-small-en-us-0.15/ivector/splice.conf -> /home/abdul/Desktop/intp assignment/task_1_ws/install/task1_quadrotor/share/task1_quadrotor/models/vosk-model-small-en-us-0.15/ivector
copying models/vosk-model-small-en-us-0.15/ivector/final.ie -> /home/abdul/Desktop/intp assignment/task_1_ws/install/task1_quadrotor/share/task1_quadrotor/models/vosk-model-small-en-us-0.15/ivector
copying models/vosk-model-small-en-us-0.15/ivector/online_cmvn.conf -> /home/abdul/Desktop/intp assignment/task_1_ws/install/task1_quadrotor/share/task1_quadrotor/models/vosk-model-small-en-us-0.15/ivector
copying models/vosk-model-small-en-us-0.15/ivector/final.dubm -> /home/abdul/Desktop/intp assignment/task_1_ws/install/task1_quadrotor/share/task1_quadrotor/models/vosk-model-small-en-us-0.15/ivector
copying models/vosk-model-small-en-us-0.15/ivector/final.mat -> /home/abdul/Desktop/intp assignment/task_1_ws/install/task1_quadrotor/share/task1_quadrotor/models/vosk-model-small-en-us-0.15/ivector
copying models/vosk-model-small-en-us-0.15/ivector/global_cmvn.stats -> /home/abdul/Desktop/intp assignment/task_1_ws/install/task1_quadrotor/share/task1_quadrotor/models/vosk-model-small-en-us-0.15/ivector
creating /home/abdul/Desktop/intp assignment/task_1_ws/install/task1_quadrotor/share/task1_quadrotor/models/vosk-model-small-en-us-0.15/graph
copying models/vosk-model-small-en-us-0.15/graph/disambig_tid.int -> /home/abdul/Desktop/intp assignment/task_1_ws/install/task1_quadrotor/share/task1_quadrotor/models/vosk-model-small-en-us-0.15/graph
copying models/vosk-model-small-en-us-0.15/graph/HCLr.fst -> /home/abdul/Desktop/intp assignment/task_1_ws/install/task1_quadrotor/share/task1_quadrotor/models/vosk-model-small-en-us-0.15/graph
copying models/vosk-model-small-en-us-0.15/graph/Gr.fst -> /home/abdul/Desktop/intp assignment/task_1_ws/install/task1_quadrotor/share/task1_quadrotor/models/vosk-model-small-en-us-0.15/graph
creating /home/abdul/Desktop/intp assignment/task_1_ws/install/task1_quadrotor/share/task1_quadrotor/models/vosk-model-small-en-us-0.15/graph/phones
copying models/vosk-model-small-en-us-0.15/graph/phones/word_boundary.int -> /home/abdul/Desktop/intp assignment/task_1_ws/install/task1_quadrotor/share/task1_quadrotor/models/vosk-model-small-en-us-0.15/graph/phones
running install_egg_info
removing '/home/abdul/Desktop/intp assignment/task_1_ws/install/task1_quadrotor/lib/python3.10/site-packages/task1_quadrotor-0.0.0-py3.10.egg-info' (and everything under it)
Copying ../../build/task1_quadrotor/task1_quadrotor.egg-info to /home/abdul/Desktop/intp assignment/task_1_ws/install/task1_quadrotor/lib/python3.10/site-packages/task1_quadrotor-0.0.0-py3.10.egg-info
running install_scripts
Installing command_sender_ui script to /home/abdul/Desktop/intp assignment/task_1_ws/install/task1_quadrotor/lib/task1_quadrotor
Installing controller script to /home/abdul/Desktop/intp assignment/task_1_ws/install/task1_quadrotor/lib/task1_quadrotor
writing list of installed files to '/home/abdul/Desktop/intp assignment/task_1_ws/build/task1_quadrotor/install.log'
