[0.412s] Invoking command in '/home/abdul/Desktop/intp assignment/task_1_ws/src/task1_quadrotor': PYTHONPATH=/home/abdul/Desktop/intp assignment/task_1_ws/build/task1_quadrotor/prefix_override:/usr/lib/python3/dist-packages/colcon_core/task/python/colcon_distutils_commands:/home/abdul/Desktop/intp assignment/task_1_ws/install/task1_quadrotor/lib/python3.10/site-packages:${PYTHONPATH} /usr/bin/python3 -W ignore:setup.py install is deprecated -W ignore:easy_install command is deprecated setup.py egg_info --egg-base ../../build/task1_quadrotor build --build-base /home/abdul/Desktop/intp assignment/task_1_ws/build/task1_quadrotor/build install --record /home/abdul/Desktop/intp assignment/task_1_ws/build/task1_quadrotor/install.log --install-scripts $base/lib/task1_quadrotor --single-version-externally-managed install_data
[0.563s] running egg_info
[0.563s] writing ../../build/task1_quadrotor/task1_quadrotor.egg-info/PKG-INFO
[0.563s] writing dependency_links to ../../build/task1_quadrotor/task1_quadrotor.egg-info/dependency_links.txt
[0.564s] writing entry points to ../../build/task1_quadrotor/task1_quadrotor.egg-info/entry_points.txt
[0.564s] writing requirements to ../../build/task1_quadrotor/task1_quadrotor.egg-info/requires.txt
[0.564s] writing top-level names to ../../build/task1_quadrotor/task1_quadrotor.egg-info/top_level.txt
[0.565s] reading manifest file '../../build/task1_quadrotor/task1_quadrotor.egg-info/SOURCES.txt'
[0.565s] adding license file 'LICENSE'
[0.566s] writing manifest file '../../build/task1_quadrotor/task1_quadrotor.egg-info/SOURCES.txt'
[0.566s] running build
[0.566s] running build_py
[0.566s] copying task1_quadrotor/odom_gui.py -> /home/abdul/Desktop/intp assignment/task_1_ws/build/task1_quadrotor/build/lib/task1_quadrotor
[0.566s] running install
[0.566s] running install_lib
[0.566s] copying /home/abdul/Desktop/intp assignment/task_1_ws/build/task1_quadrotor/build/lib/task1_quadrotor/odom_gui.py -> /home/abdul/Desktop/intp assignment/task_1_ws/install/task1_quadrotor/lib/python3.10/site-packages/task1_quadrotor
[0.567s] byte-compiling /home/abdul/Desktop/intp assignment/task_1_ws/install/task1_quadrotor/lib/python3.10/site-packages/task1_quadrotor/odom_gui.py to odom_gui.cpython-310.pyc
[0.568s] running install_data
[0.568s] running install_egg_info
[0.569s] removing '/home/abdul/Desktop/intp assignment/task_1_ws/install/task1_quadrotor/lib/python3.10/site-packages/task1_quadrotor-0.0.0-py3.10.egg-info' (and everything under it)
[0.569s] Copying ../../build/task1_quadrotor/task1_quadrotor.egg-info to /home/abdul/Desktop/intp assignment/task_1_ws/install/task1_quadrotor/lib/python3.10/site-packages/task1_quadrotor-0.0.0-py3.10.egg-info
[0.570s] running install_scripts
[0.583s] Installing command_sender_ui script to /home/abdul/Desktop/intp assignment/task_1_ws/install/task1_quadrotor/lib/task1_quadrotor
[0.583s] Installing controller script to /home/abdul/Desktop/intp assignment/task_1_ws/install/task1_quadrotor/lib/task1_quadrotor
[0.583s] Installing odom_gui script to /home/abdul/Desktop/intp assignment/task_1_ws/install/task1_quadrotor/lib/task1_quadrotor
[0.583s] writing list of installed files to '/home/abdul/Desktop/intp assignment/task_1_ws/build/task1_quadrotor/install.log'
[0.599s] Invoked command in '/home/abdul/Desktop/intp assignment/task_1_ws/src/task1_quadrotor' returned '0': PYTHONPATH=/home/abdul/Desktop/intp assignment/task_1_ws/build/task1_quadrotor/prefix_override:/usr/lib/python3/dist-packages/colcon_core/task/python/colcon_distutils_commands:/home/abdul/Desktop/intp assignment/task_1_ws/install/task1_quadrotor/lib/python3.10/site-packages:${PYTHONPATH} /usr/bin/python3 -W ignore:setup.py install is deprecated -W ignore:easy_install command is deprecated setup.py egg_info --egg-base ../../build/task1_quadrotor build --build-base /home/abdul/Desktop/intp assignment/task_1_ws/build/task1_quadrotor/build install --record /home/abdul/Desktop/intp assignment/task_1_ws/build/task1_quadrotor/install.log --install-scripts $base/lib/task1_quadrotor --single-version-externally-managed install_data
