[0.454s] Invoking command in '/home/abdul/Desktop/intp assignment/task_1_ws/build/task1_quadrotor': PYTHONPATH=/home/abdul/Desktop/intp assignment/task_1_ws/build/task1_quadrotor/prefix_override:/usr/lib/python3/dist-packages/colcon_core/task/python/colcon_distutils_commands:/home/abdul/Desktop/intp assignment/task_1_ws/install/task1_quadrotor/lib/python3.10/site-packages:${PYTHONPATH} /usr/bin/python3 -W ignore:setup.py install is deprecated -W ignore:easy_install command is deprecated setup.py develop --editable --build-directory /home/abdul/Desktop/intp assignment/task_1_ws/build/task1_quadrotor/build --no-deps symlink_data
[0.624s] running develop
[0.727s] running egg_info
[0.727s] creating task1_quadrotor.egg-info
[0.727s] writing task1_quadrotor.egg-info/PKG-INFO
[0.728s] writing dependency_links to task1_quadrotor.egg-info/dependency_links.txt
[0.728s] writing entry points to task1_quadrotor.egg-info/entry_points.txt
[0.728s] writing requirements to task1_quadrotor.egg-info/requires.txt
[0.728s] writing top-level names to task1_quadrotor.egg-info/top_level.txt
[0.728s] writing manifest file 'task1_quadrotor.egg-info/SOURCES.txt'
[0.729s] reading manifest file 'task1_quadrotor.egg-info/SOURCES.txt'
[0.729s] writing manifest file 'task1_quadrotor.egg-info/SOURCES.txt'
[0.730s] running build_ext
[0.730s] Creating /home/abdul/Desktop/intp assignment/task_1_ws/install/task1_quadrotor/lib/python3.10/site-packages/task1-quadrotor.egg-link (link to .)
[0.730s] 
[0.730s] Installed /home/abdul/Desktop/intp assignment/task_1_ws/build/task1_quadrotor
[0.730s] running symlink_data
[0.731s] creating /home/abdul/Desktop/intp assignment/task_1_ws/install/task1_quadrotor/share/ament_index
[0.731s] creating /home/abdul/Desktop/intp assignment/task_1_ws/install/task1_quadrotor/share/ament_index/resource_index
[0.731s] creating /home/abdul/Desktop/intp assignment/task_1_ws/install/task1_quadrotor/share/ament_index/resource_index/packages
[0.731s] symbolically linking /home/abdul/Desktop/intp assignment/task_1_ws/build/task1_quadrotor/resource/task1_quadrotor -> /home/abdul/Desktop/intp assignment/task_1_ws/install/task1_quadrotor/share/ament_index/resource_index/packages
[0.731s] symbolically linking /home/abdul/Desktop/intp assignment/task_1_ws/build/task1_quadrotor/package.xml -> /home/abdul/Desktop/intp assignment/task_1_ws/install/task1_quadrotor/share/task1_quadrotor
[0.747s] Invoked command in '/home/abdul/Desktop/intp assignment/task_1_ws/build/task1_quadrotor' returned '0': PYTHONPATH=/home/abdul/Desktop/intp assignment/task_1_ws/build/task1_quadrotor/prefix_override:/usr/lib/python3/dist-packages/colcon_core/task/python/colcon_distutils_commands:/home/abdul/Desktop/intp assignment/task_1_ws/install/task1_quadrotor/lib/python3.10/site-packages:${PYTHONPATH} /usr/bin/python3 -W ignore:setup.py install is deprecated -W ignore:easy_install command is deprecated setup.py develop --editable --build-directory /home/abdul/Desktop/intp assignment/task_1_ws/build/task1_quadrotor/build --no-deps symlink_data
